******************************************************************************
                  TI ARM Linker PC v18.1.2                     
******************************************************************************
>> Linked Thu Jun 21 13:32:48 2018

OUTPUT FILE NAME:   <adc14_single_conversion_repeat_timera_source_MSP_EXP432P401R_nortos_ccs.out>
ENTRY POINT SYMBOL: "_c_int00_noargs"  address: 00000391


MEMORY CONFIGURATION

         name            origin    length      used     unused   attr    fill
----------------------  --------  ---------  --------  --------  ----  --------
  MAIN                  00000000   00040000  00000424  0003fbdc  R  X
  INFO                  00200000   00004000  00000000  00004000  R  X
  SRAM_CODE             01000000   00010000  000005fd  0000fa03  RW X
  SRAM_DATA             20000000   00010000  000005fd  0000fa03  RW  


SEGMENT ALLOCATION MAP

run origin  load origin   length   init length attrs members
----------  ----------- ---------- ----------- ----- -------
00000000    00000000    00000424   00000424    r-x
  00000000    00000000    000000e4   000000e4    r-- .intvecs
  000000e4    000000e4    00000304   00000304    r-x .text
  000003e8    000003e8    00000028   00000028    r-- .const
  00000410    00000410    00000014   00000014    r-- .cinit
20000000    20000000    000003fd   00000000    rw-
  20000000    20000000    000003fd   00000000    rw- .bss
2000fe00    2000fe00    00000200   00000000    rw-
  2000fe00    2000fe00    00000200   00000000    rw- .stack


SECTION ALLOCATION MAP

 output                                  attributes/
section   page    origin      length       input sections
--------  ----  ----------  ----------   ----------------
.intvecs   0    00000000    000000e4     
                  00000000    000000e4     startup_msp432p401r_ccs.obj (.intvecs:retain)

.text      0    000000e4    00000304     
                  000000e4    00000110     adc14_single_conversion_repeat_timera_source.obj (.text:main)
                  000001f4    0000007a     rtsv7M4_T_le_v4SPD16_eabi.lib : memset_t2.asm.obj (.text)
                  0000026e    00000002     startup_msp432p401r_ccs.obj (.text:Default_Handler)
                  00000270    00000078     system_msp432p401r.obj (.text:SystemInit)
                  000002e8    00000064     adc14_single_conversion_repeat_timera_source.obj (.text:ADC14_IRQHandler)
                  0000034c    00000044     rtsv7M4_T_le_v4SPD16_eabi.lib : autoinit.c.obj (.text:__TI_auto_init_nobinit_nopinit:__TI_auto_init_nobinit_nopinit)
                  00000390    00000038                                   : boot_cortex_m.c.obj (.text:_c_int00_noargs:_c_int00_noargs)
                  000003c8    0000000c     startup_msp432p401r_ccs.obj (.text:Reset_Handler)
                  000003d4    0000000c     rtsv7M4_T_le_v4SPD16_eabi.lib : copy_zero_init.c.obj (.text:decompress:ZI:__TI_zero_init)
                  000003e0    00000004                                   : pre_init.c.obj (.text:_system_pre_init)
                  000003e4    00000004                                   : exit.c.obj (.text:abort:abort)

.const     0    000003e8    00000028     
                  000003e8    00000018     adc14_single_conversion_repeat_timera_source.obj (.const:upModeConfig)
                  00000400    00000010     adc14_single_conversion_repeat_timera_source.obj (.const:compareConfig)

.cinit     0    00000410    00000014     
                  00000410    00000008     (.cinit..bss.load) [load image, compression = zero_init]
                  00000418    00000004     (__TI_handler_table)
                  0000041c    00000008     (__TI_cinit_table)

.init_array 
*          0    00000000    00000000     UNINITIALIZED

.binit     0    00000000    00000000     

.bss       0    20000000    000003fd     UNINITIALIZED
                  20000000    000003fc     adc14_single_conversion_repeat_timera_source.obj (.bss:resultsBuffer)
                  200003fc    00000001     adc14_single_conversion_repeat_timera_source.obj (.bss)

.stack     0    2000fe00    00000200     UNINITIALIZED
                  2000fe00    00000004     rtsv7M4_T_le_v4SPD16_eabi.lib : boot_cortex_m.c.obj (.stack)
                  2000fe04    000001fc     --HOLE--

MODULE SUMMARY

       Module                                             code   ro data   rw data
       ------                                             ----   -------   -------
    .\
       adc14_single_conversion_repeat_timera_source.obj   372    40        2042   
       system_msp432p401r.obj                             120    0         0      
    +--+--------------------------------------------------+------+---------+---------+
       Total:                                             492    40        2042   
                                                                                  
    .\ccs\
       startup_msp432p401r_ccs.obj                        14     228       0      
    +--+--------------------------------------------------+------+---------+---------+
       Total:                                             14     228       0      
                                                                                  
    C:\ti\ccsv8\tools\compiler\ti-cgt-arm_18.1.2.LTS\lib\rtsv7M4_T_le_v4SPD16_eabi.lib
       memset_t2.asm.obj                                  122    0         0      
       autoinit.c.obj                                     68     0         0      
       boot_cortex_m.c.obj                                56     0         0      
       copy_zero_init.c.obj                               12     0         0      
       exit.c.obj                                         4      0         0      
       pre_init.c.obj                                     4      0         0      
    +--+--------------------------------------------------+------+---------+---------+
       Total:                                             266    0         0      
                                                                                  
       Stack:                                             0      0         1024   
       Linker Generated:                                  0      20        0      
    +--+--------------------------------------------------+------+---------+---------+
       Grand Total:                                       772    288       3066   


LINKER GENERATED COPY TABLES

__TI_cinit_table @ 0000041c records: 1, size/record: 8, table size: 8
	.bss: load addr=00000410, load size=00000008 bytes, run addr=20000000, run size=000003fd bytes, compression=zero_init


LINKER GENERATED HANDLER TABLE

__TI_handler_table @ 00000418 records: 1, size/record: 4, table size: 4
	index: 0, handler: __TI_zero_init


GLOBAL SYMBOLS: SORTED ALPHABETICALLY BY Name 

address   name                          
-------   ----                          
000002e9  ADC14_IRQHandler              
000002e9  ADC14_IRQHandler              
0000026f  AES256_IRQHandler             
0000026f  BusFault_Handler              
000003e5  C$$EXIT                       
0000026f  COMP_E0_IRQHandler            
0000026f  COMP_E1_IRQHandler            
0000026f  CS_IRQHandler                 
0000026f  DMA_ERR_IRQHandler            
0000026f  DMA_INT0_IRQHandler           
0000026f  DMA_INT1_IRQHandler           
0000026f  DMA_INT2_IRQHandler           
0000026f  DMA_INT3_IRQHandler           
0000026f  DebugMon_Handler              
0000026f  Default_Handler               
0000026f  EUSCIA0_IRQHandler            
0000026f  EUSCIA1_IRQHandler            
0000026f  EUSCIA2_IRQHandler            
0000026f  EUSCIA3_IRQHandler            
0000026f  EUSCIB0_IRQHandler            
0000026f  EUSCIB1_IRQHandler            
0000026f  EUSCIB2_IRQHandler            
0000026f  EUSCIB3_IRQHandler            
0000026f  FLCTL_IRQHandler              
0000026f  FPU_IRQHandler                
0000026f  HardFault_Handler             
0000026f  MemManage_Handler             
0000026f  NMI_Handler                   
0000026f  PCM_IRQHandler                
0000026f  PORT1_IRQHandler              
0000026f  PORT2_IRQHandler              
0000026f  PORT3_IRQHandler              
0000026f  PORT4_IRQHandler              
0000026f  PORT5_IRQHandler              
0000026f  PORT6_IRQHandler              
0000026f  PSS_IRQHandler                
0000026f  PendSV_Handler                
0000026f  RTC_C_IRQHandler              
000003c9  Reset_Handler                 
0000026f  SVC_Handler                   
0000026f  SysTick_Handler               
00000271  SystemInit                    
0000026f  T32_INT1_IRQHandler           
0000026f  T32_INT2_IRQHandler           
0000026f  T32_INTC_IRQHandler           
0000026f  TA0_0_IRQHandler              
0000026f  TA0_N_IRQHandler              
0000026f  TA1_0_IRQHandler              
0000026f  TA1_N_IRQHandler              
0000026f  TA2_0_IRQHandler              
0000026f  TA2_N_IRQHandler              
0000026f  TA3_0_IRQHandler              
0000026f  TA3_N_IRQHandler              
0000026f  UsageFault_Handler            
4000480c  WDTCTL_SYM                    
0000026f  WDT_A_IRQHandler              
20010000  __STACK_END                   
00000200  __STACK_SIZE                  
0000041c  __TI_CINIT_Base               
00000424  __TI_CINIT_Limit              
00000418  __TI_Handler_Table_Base       
0000041c  __TI_Handler_Table_Limit      
0000034d  __TI_auto_init_nobinit_nopinit
ffffffff  __TI_pprof_out_hndl           
ffffffff  __TI_prof_data_size           
ffffffff  __TI_prof_data_start          
00000000  __TI_static_base__            
000003d5  __TI_zero_init                
000001f5  __aeabi_memclr                
000001f5  __aeabi_memclr4               
000001f5  __aeabi_memclr8               
000001f7  __aeabi_memset                
000001f7  __aeabi_memset4               
000001f7  __aeabi_memset8               
ffffffff  __binit__                     
ffffffff  __c_args__                    
UNDEFED   __mpu_init                    
2000fe00  __stack                       
00000391  _c_int00_noargs               
UNDEFED   _system_post_cinit            
000003e1  _system_pre_init              
000003e5  abort                         
ffffffff  binit                         
00000400  compareConfig                 
00000000  interruptVectors              
000000e5  main                          
000001fd  memset                        
000003e8  upModeConfig                  


GLOBAL SYMBOLS: SORTED BY Symbol Address 

address   name                          
-------   ----                          
00000000  __TI_static_base__            
00000000  interruptVectors              
000000e5  main                          
000001f5  __aeabi_memclr                
000001f5  __aeabi_memclr4               
000001f5  __aeabi_memclr8               
000001f7  __aeabi_memset                
000001f7  __aeabi_memset4               
000001f7  __aeabi_memset8               
000001fd  memset                        
00000200  __STACK_SIZE                  
0000026f  AES256_IRQHandler             
0000026f  BusFault_Handler              
0000026f  COMP_E0_IRQHandler            
0000026f  COMP_E1_IRQHandler            
0000026f  CS_IRQHandler                 
0000026f  DMA_ERR_IRQHandler            
0000026f  DMA_INT0_IRQHandler           
0000026f  DMA_INT1_IRQHandler           
0000026f  DMA_INT2_IRQHandler           
0000026f  DMA_INT3_IRQHandler           
0000026f  DebugMon_Handler              
0000026f  Default_Handler               
0000026f  EUSCIA0_IRQHandler            
0000026f  EUSCIA1_IRQHandler            
0000026f  EUSCIA2_IRQHandler            
0000026f  EUSCIA3_IRQHandler            
0000026f  EUSCIB0_IRQHandler            
0000026f  EUSCIB1_IRQHandler            
0000026f  EUSCIB2_IRQHandler            
0000026f  EUSCIB3_IRQHandler            
0000026f  FLCTL_IRQHandler              
0000026f  FPU_IRQHandler                
0000026f  HardFault_Handler             
0000026f  MemManage_Handler             
0000026f  NMI_Handler                   
0000026f  PCM_IRQHandler                
0000026f  PORT1_IRQHandler              
0000026f  PORT2_IRQHandler              
0000026f  PORT3_IRQHandler              
0000026f  PORT4_IRQHandler              
0000026f  PORT5_IRQHandler              
0000026f  PORT6_IRQHandler              
0000026f  PSS_IRQHandler                
0000026f  PendSV_Handler                
0000026f  RTC_C_IRQHandler              
0000026f  SVC_Handler                   
0000026f  SysTick_Handler               
0000026f  T32_INT1_IRQHandler           
0000026f  T32_INT2_IRQHandler           
0000026f  T32_INTC_IRQHandler           
0000026f  TA0_0_IRQHandler              
0000026f  TA0_N_IRQHandler              
0000026f  TA1_0_IRQHandler              
0000026f  TA1_N_IRQHandler              
0000026f  TA2_0_IRQHandler              
0000026f  TA2_N_IRQHandler              
0000026f  TA3_0_IRQHandler              
0000026f  TA3_N_IRQHandler              
0000026f  UsageFault_Handler            
0000026f  WDT_A_IRQHandler              
00000271  SystemInit                    
000002e9  ADC14_IRQHandler              
000002e9  ADC14_IRQHandler              
0000034d  __TI_auto_init_nobinit_nopinit
00000391  _c_int00_noargs               
000003c9  Reset_Handler                 
000003d5  __TI_zero_init                
000003e1  _system_pre_init              
000003e5  C$$EXIT                       
000003e5  abort                         
000003e8  upModeConfig                  
00000400  compareConfig                 
00000418  __TI_Handler_Table_Base       
0000041c  __TI_CINIT_Base               
0000041c  __TI_Handler_Table_Limit      
00000424  __TI_CINIT_Limit              
2000fe00  __stack                       
20010000  __STACK_END                   
4000480c  WDTCTL_SYM                    
ffffffff  __TI_pprof_out_hndl           
ffffffff  __TI_prof_data_size           
ffffffff  __TI_prof_data_start          
ffffffff  __binit__                     
ffffffff  __c_args__                    
ffffffff  binit                         
UNDEFED   __mpu_init                    
UNDEFED   _system_post_cinit            

[88 symbols]
