******************************************************************************
                  TI ARM Linker PC v18.1.2                     
******************************************************************************
>> Linked Fri Jun 22 12:54:47 2018

OUTPUT FILE NAME:   <adc_timerA_uart.out>
ENTRY POINT SYMBOL: "_c_int00_noargs"  address: 00000571


MEMORY CONFIGURATION

         name            origin    length      used     unused   attr    fill
----------------------  --------  ---------  --------  --------  ----  --------
  MAIN                  00000000   00040000  000006fc  0003f904  R  X
  INFO                  00200000   00004000  00000000  00004000  R  X
  SRAM_CODE             01000000   00010000  00000401  0000fbff  RW X
  SRAM_DATA             20000000   00010000  00000401  0000fbff  RW  


SEGMENT ALLOCATION MAP

run origin  load origin   length   init length attrs members
----------  ----------- ---------- ----------- ----- -------
00000000    00000000    00000700   00000700    r-x
  00000000    00000000    000000e4   000000e4    r-- .intvecs
  000000e4    000000e4    00000592   00000592    r-x .text
  00000678    00000678    00000056   00000056    r-- .const
  000006d0    000006d0    00000030   00000030    r-- .cinit
20000000    20000000    00000201   00000000    rw-
  20000000    20000000    00000200   00000000    rw- .bss
  20000200    20000200    00000001   00000000    rw- .data
2000fe00    2000fe00    00000200   00000000    rw-
  2000fe00    2000fe00    00000200   00000000    rw- .stack


SECTION ALLOCATION MAP

 output                                  attributes/
section   page    origin      length       input sections
--------  ----  ----------  ----------   ----------------
.intvecs   0    00000000    000000e4     
                  00000000    000000e4     startup_msp432p401r_ccs.obj (.intvecs:retain)

.text      0    000000e4    00000592     
                  000000e4    00000170     adc_timerA_uart.obj (.text:main)
                  00000254    000000c0     adc_timerA_uart.obj (.text:sendReading)
                  00000314    0000009c     rtsv7M4_T_le_v4SPD16_eabi.lib : memcpy_t2.asm.obj (.text)
                  000003b0    00000078     system_msp432p401r.obj (.text:SystemInit)
                  00000428    00000068     rtsv7M4_T_le_v4SPD16_eabi.lib : copy_decompress_lzss.c.obj (.text:decompress:lzss:__TI_decompress_lzss)
                  00000490    00000060     adc_timerA_uart.obj (.text:ADC14_IRQHandler)
                  000004f0    00000044     rtsv7M4_T_le_v4SPD16_eabi.lib : autoinit.c.obj (.text:__TI_auto_init_nobinit_nopinit:__TI_auto_init_nobinit_nopinit)
                  00000534    0000003c     adc_timerA_uart.obj (.text:EUSCIA0_IRQHandler)
                  00000570    00000038     rtsv7M4_T_le_v4SPD16_eabi.lib : boot_cortex_m.c.obj (.text:_c_int00_noargs:_c_int00_noargs)
                  000005a8    00000034     msp432p4xx_driverlib.lib : cs.o (.text:CS_setDCOCenteredFrequency)
                  000005dc    00000034                              : uart.o (.text:UART_transmitData)
                  00000610    00000030                              : cs.o (.text:CS_setReferenceOscillatorFrequency)
                  00000640    00000012     rtsv7M4_T_le_v4SPD16_eabi.lib : copy_zero_init.c.obj (.text:decompress:ZI:__TI_zero_init_nomemset:__TI_zero_init_nomemset)
                  00000652    0000000e                                   : copy_decompress_none.c.obj (.text:decompress:none:__TI_decompress_none)
                  00000660    0000000c     startup_msp432p401r_ccs.obj (.text:Reset_Handler)
                  0000066c    00000004     rtsv7M4_T_le_v4SPD16_eabi.lib : pre_init.c.obj (.text:_system_pre_init)
                  00000670    00000004                                   : exit.c.obj (.text:abort:abort)
                  00000674    00000002     startup_msp432p401r_ccs.obj (.text:Default_Handler)

.const     0    00000678    00000056     
                  00000678    00000024     adc_timerA_uart.obj (.const:uartConfig)
                  0000069c    00000018     adc_timerA_uart.obj (.const:upModeConfig)
                  000006b4    00000010     adc_timerA_uart.obj (.const:compareConfig)
                  000006c4    0000000a     adc_timerA_uart.obj (.const:.string:$P$T0$1)

.cinit     0    000006d0    00000030     
                  000006d0    0000000c     (__TI_handler_table)
                  000006dc    00000004     --HOLE-- [fill = 0]
                  000006e0    00000008     (.cinit..bss.load) [load image, compression = zero_init]
                  000006e8    00000005     (.cinit..data.load) [load image, compression = lzss]
                  000006ed    00000003     --HOLE-- [fill = 0]
                  000006f0    00000010     (__TI_cinit_table)

.init_array 
*          0    00000000    00000000     UNINITIALIZED

.binit     0    00000000    00000000     

.bss       0    20000000    00000200     UNINITIALIZED
                  20000000    00000200     (.common:resultsBuffer)

.data      0    20000200    00000001     UNINITIALIZED
                  20000200    00000001     adc_timerA_uart.obj (.data)

.stack     0    2000fe00    00000200     UNINITIALIZED
                  2000fe00    00000004     rtsv7M4_T_le_v4SPD16_eabi.lib : boot_cortex_m.c.obj (.stack)
                  2000fe04    000001fc     --HOLE--

MODULE SUMMARY

       Module                        code   ro data   rw data
       ------                        ----   -------   -------
    .\
       adc_timerA_uart.obj           716    86        1026   
       system_msp432p401r.obj        120    0         0      
    +--+-----------------------------+------+---------+---------+
       Total:                        836    86        1026   
                                                             
    .\ccs\
       startup_msp432p401r_ccs.obj   14     228       0      
    +--+-----------------------------+------+---------+---------+
       Total:                        14     228       0      
                                                             
    C:/ti/simplelink_msp432p4_sdk_2_20_00_12/source/ti/devices/msp432p4xx/driverlib/ccs/msp432p4xx_driverlib.lib
       cs.o                          100    0         0      
       uart.o                        52     0         0      
    +--+-----------------------------+------+---------+---------+
       Total:                        152    0         0      
                                                             
    C:\ti\ccsv8\tools\compiler\ti-cgt-arm_18.1.2.LTS\lib\rtsv7M4_T_le_v4SPD16_eabi.lib
       memcpy_t2.asm.obj             156    0         0      
       copy_decompress_lzss.c.obj    104    0         0      
       autoinit.c.obj                68     0         0      
       boot_cortex_m.c.obj           56     0         0      
       copy_zero_init.c.obj          18     0         0      
       copy_decompress_none.c.obj    14     0         0      
       exit.c.obj                    4      0         0      
       pre_init.c.obj                4      0         0      
    +--+-----------------------------+------+---------+---------+
       Total:                        424    0         0      
                                                             
       Stack:                        0      0         1024   
       Linker Generated:             0      41        0      
    +--+-----------------------------+------+---------+---------+
       Grand Total:                  1426   355       2050   


LINKER GENERATED COPY TABLES

__TI_cinit_table @ 000006f0 records: 2, size/record: 8, table size: 16
	.bss: load addr=000006e0, load size=00000008 bytes, run addr=20000000, run size=00000200 bytes, compression=zero_init
	.data: load addr=000006e8, load size=00000005 bytes, run addr=20000200, run size=00000001 bytes, compression=lzss


LINKER GENERATED HANDLER TABLE

__TI_handler_table @ 000006d0 records: 3, size/record: 4, table size: 12
	index: 0, handler: __TI_decompress_lzss
	index: 1, handler: __TI_decompress_none
	index: 2, handler: __TI_zero_init


GLOBAL SYMBOLS: SORTED ALPHABETICALLY BY Name 

address   name                              
-------   ----                              
00000491  ADC14_IRQHandler                  
00000491  ADC14_IRQHandler                  
00000675  AES256_IRQHandler                 
00000675  BusFault_Handler                  
00000671  C$$EXIT                           
00000675  COMP_E0_IRQHandler                
00000675  COMP_E1_IRQHandler                
00000675  CS_IRQHandler                     
000005a9  CS_setDCOCenteredFrequency        
00000611  CS_setReferenceOscillatorFrequency
00000675  DMA_ERR_IRQHandler                
00000675  DMA_INT0_IRQHandler               
00000675  DMA_INT1_IRQHandler               
00000675  DMA_INT2_IRQHandler               
00000675  DMA_INT3_IRQHandler               
00000675  DebugMon_Handler                  
00000675  Default_Handler                   
00000535  EUSCIA0_IRQHandler                
00000535  EUSCIA0_IRQHandler                
00000675  EUSCIA1_IRQHandler                
00000675  EUSCIA2_IRQHandler                
00000675  EUSCIA3_IRQHandler                
00000675  EUSCIB0_IRQHandler                
00000675  EUSCIB1_IRQHandler                
00000675  EUSCIB2_IRQHandler                
00000675  EUSCIB3_IRQHandler                
00000675  FLCTL_IRQHandler                  
00000675  FPU_IRQHandler                    
00000675  HardFault_Handler                 
00000675  MemManage_Handler                 
00000675  NMI_Handler                       
00000675  PCM_IRQHandler                    
00000675  PORT1_IRQHandler                  
00000675  PORT2_IRQHandler                  
00000675  PORT3_IRQHandler                  
00000675  PORT4_IRQHandler                  
00000675  PORT5_IRQHandler                  
00000675  PORT6_IRQHandler                  
00000675  PSS_IRQHandler                    
00000675  PendSV_Handler                    
00000675  RTC_C_IRQHandler                  
00000661  Reset_Handler                     
00000675  SVC_Handler                       
00000675  SysTick_Handler                   
000003b1  SystemInit                        
00000675  T32_INT1_IRQHandler               
00000675  T32_INT2_IRQHandler               
00000675  T32_INTC_IRQHandler               
00000675  TA0_0_IRQHandler                  
00000675  TA0_N_IRQHandler                  
00000675  TA1_0_IRQHandler                  
00000675  TA1_N_IRQHandler                  
00000675  TA2_0_IRQHandler                  
00000675  TA2_N_IRQHandler                  
00000675  TA3_0_IRQHandler                  
00000675  TA3_N_IRQHandler                  
000005dd  UART_transmitData                 
00000675  UsageFault_Handler                
4000480c  WDTCTL_SYM                        
00000675  WDT_A_IRQHandler                  
20010000  __STACK_END                       
00000200  __STACK_SIZE                      
000006f0  __TI_CINIT_Base                   
00000700  __TI_CINIT_Limit                  
000006d0  __TI_Handler_Table_Base           
000006dc  __TI_Handler_Table_Limit          
000004f1  __TI_auto_init_nobinit_nopinit    
00000429  __TI_decompress_lzss              
00000653  __TI_decompress_none              
ffffffff  __TI_pprof_out_hndl               
ffffffff  __TI_prof_data_size               
ffffffff  __TI_prof_data_start              
00000000  __TI_static_base__                
00000641  __TI_zero_init_nomemset           
00000315  __aeabi_memcpy                    
00000315  __aeabi_memcpy4                   
00000315  __aeabi_memcpy8                   
ffffffff  __binit__                         
ffffffff  __c_args__                        
UNDEFED   __mpu_init                        
2000fe00  __stack                           
00000571  _c_int00_noargs                   
UNDEFED   _system_post_cinit                
0000066d  _system_pre_init                  
00000671  abort                             
ffffffff  binit                             
000006b4  compareConfig                     
00000000  interruptVectors                  
000000e5  main                              
00000315  memcpy                            
20000200  resPos                            
20000000  resultsBuffer                     
00000255  sendReading                       
00000678  uartConfig                        
0000069c  upModeConfig                      


GLOBAL SYMBOLS: SORTED BY Symbol Address 

address   name                              
-------   ----                              
00000000  __TI_static_base__                
00000000  interruptVectors                  
000000e5  main                              
00000200  __STACK_SIZE                      
00000255  sendReading                       
00000315  __aeabi_memcpy                    
00000315  __aeabi_memcpy4                   
00000315  __aeabi_memcpy8                   
00000315  memcpy                            
000003b1  SystemInit                        
00000429  __TI_decompress_lzss              
00000491  ADC14_IRQHandler                  
00000491  ADC14_IRQHandler                  
000004f1  __TI_auto_init_nobinit_nopinit    
00000535  EUSCIA0_IRQHandler                
00000535  EUSCIA0_IRQHandler                
00000571  _c_int00_noargs                   
000005a9  CS_setDCOCenteredFrequency        
000005dd  UART_transmitData                 
00000611  CS_setReferenceOscillatorFrequency
00000641  __TI_zero_init_nomemset           
00000653  __TI_decompress_none              
00000661  Reset_Handler                     
0000066d  _system_pre_init                  
00000671  C$$EXIT                           
00000671  abort                             
00000675  AES256_IRQHandler                 
00000675  BusFault_Handler                  
00000675  COMP_E0_IRQHandler                
00000675  COMP_E1_IRQHandler                
00000675  CS_IRQHandler                     
00000675  DMA_ERR_IRQHandler                
00000675  DMA_INT0_IRQHandler               
00000675  DMA_INT1_IRQHandler               
00000675  DMA_INT2_IRQHandler               
00000675  DMA_INT3_IRQHandler               
00000675  DebugMon_Handler                  
00000675  Default_Handler                   
00000675  EUSCIA1_IRQHandler                
00000675  EUSCIA2_IRQHandler                
00000675  EUSCIA3_IRQHandler                
00000675  EUSCIB0_IRQHandler                
00000675  EUSCIB1_IRQHandler                
00000675  EUSCIB2_IRQHandler                
00000675  EUSCIB3_IRQHandler                
00000675  FLCTL_IRQHandler                  
00000675  FPU_IRQHandler                    
00000675  HardFault_Handler                 
00000675  MemManage_Handler                 
00000675  NMI_Handler                       
00000675  PCM_IRQHandler                    
00000675  PORT1_IRQHandler                  
00000675  PORT2_IRQHandler                  
00000675  PORT3_IRQHandler                  
00000675  PORT4_IRQHandler                  
00000675  PORT5_IRQHandler                  
00000675  PORT6_IRQHandler                  
00000675  PSS_IRQHandler                    
00000675  PendSV_Handler                    
00000675  RTC_C_IRQHandler                  
00000675  SVC_Handler                       
00000675  SysTick_Handler                   
00000675  T32_INT1_IRQHandler               
00000675  T32_INT2_IRQHandler               
00000675  T32_INTC_IRQHandler               
00000675  TA0_0_IRQHandler                  
00000675  TA0_N_IRQHandler                  
00000675  TA1_0_IRQHandler                  
00000675  TA1_N_IRQHandler                  
00000675  TA2_0_IRQHandler                  
00000675  TA2_N_IRQHandler                  
00000675  TA3_0_IRQHandler                  
00000675  TA3_N_IRQHandler                  
00000675  UsageFault_Handler                
00000675  WDT_A_IRQHandler                  
00000678  uartConfig                        
0000069c  upModeConfig                      
000006b4  compareConfig                     
000006d0  __TI_Handler_Table_Base           
000006dc  __TI_Handler_Table_Limit          
000006f0  __TI_CINIT_Base                   
00000700  __TI_CINIT_Limit                  
20000000  resultsBuffer                     
20000200  resPos                            
2000fe00  __stack                           
20010000  __STACK_END                       
4000480c  WDTCTL_SYM                        
ffffffff  __TI_pprof_out_hndl               
ffffffff  __TI_prof_data_size               
ffffffff  __TI_prof_data_start              
ffffffff  __binit__                         
ffffffff  __c_args__                        
ffffffff  binit                             
UNDEFED   __mpu_init                        
UNDEFED   _system_post_cinit                

[95 symbols]
