******************************************************************************
                  TI ARM Linker PC v18.1.2                     
******************************************************************************
>> Linked Fri Jun 22 13:50:13 2018

OUTPUT FILE NAME:   <adc_timerA_uart.out>
ENTRY POINT SYMBOL: "_c_int00_noargs"  address: 00000619


MEMORY CONFIGURATION

         name            origin    length      used     unused   attr    fill
----------------------  --------  ---------  --------  --------  ----  --------
  MAIN                  00000000   00040000  000007a4  0003f85c  R  X
  INFO                  00200000   00004000  00000000  00004000  R  X
  SRAM_CODE             01000000   00010000  00000213  0000fded  RW X
  SRAM_DATA             20000000   00010000  00000213  0000fded  RW  


SEGMENT ALLOCATION MAP

run origin  load origin   length   init length attrs members
----------  ----------- ---------- ----------- ----- -------
00000000    00000000    000007a8   000007a8    r-x
  00000000    00000000    000000e4   000000e4    r-- .intvecs
  000000e4    000000e4    0000063a   0000063a    r-x .text
  00000720    00000720    00000056   00000056    r-- .const
  00000778    00000778    00000030   00000030    r-- .cinit
20000000    20000000    00000013   00000000    rw-
  20000000    20000000    00000010   00000000    rw- .bss
  20000010    20000010    00000003   00000000    rw- .data
2000fe00    2000fe00    00000200   00000000    rw-
  2000fe00    2000fe00    00000200   00000000    rw- .stack


SECTION ALLOCATION MAP

 output                                  attributes/
section   page    origin      length       input sections
--------  ----  ----------  ----------   ----------------
.intvecs   0    00000000    000000e4     
                  00000000    000000e4     startup_msp432p401r_ccs.obj (.intvecs:retain)

.text      0    000000e4    0000063a     
                  000000e4    000001c0     adc_timerA_uart.obj (.text:main)
                  000002a4    000000c0     adc_timerA_uart.obj (.text:sendReading)
                  00000364    0000009c     rtsv7M4_T_le_v4SPD16_eabi.lib : memcpy_t2.asm.obj (.text)
                  00000400    0000007c     adc_timerA_uart.obj (.text:ADC14_IRQHandler)
                  0000047c    00000078     system_msp432p401r.obj (.text:SystemInit)
                  000004f4    00000068     rtsv7M4_T_le_v4SPD16_eabi.lib : copy_decompress_lzss.c.obj (.text:decompress:lzss:__TI_decompress_lzss)
                  0000055c    00000044                                   : autoinit.c.obj (.text:__TI_auto_init_nobinit_nopinit:__TI_auto_init_nobinit_nopinit)
                  000005a0    0000003c     adc_timerA_uart.obj (.text:EUSCIA0_IRQHandler)
                  000005dc    0000003c     adc_timerA_uart.obj (.text:PORT1_IRQHandler)
                  00000618    00000038     rtsv7M4_T_le_v4SPD16_eabi.lib : boot_cortex_m.c.obj (.text:_c_int00_noargs:_c_int00_noargs)
                  00000650    00000034     msp432p4xx_driverlib.lib : cs.o (.text:CS_setDCOCenteredFrequency)
                  00000684    00000034                              : uart.o (.text:UART_transmitData)
                  000006b8    00000030                              : cs.o (.text:CS_setReferenceOscillatorFrequency)
                  000006e8    00000012     rtsv7M4_T_le_v4SPD16_eabi.lib : copy_zero_init.c.obj (.text:decompress:ZI:__TI_zero_init_nomemset:__TI_zero_init_nomemset)
                  000006fa    0000000e                                   : copy_decompress_none.c.obj (.text:decompress:none:__TI_decompress_none)
                  00000708    0000000c     startup_msp432p401r_ccs.obj (.text:Reset_Handler)
                  00000714    00000004     rtsv7M4_T_le_v4SPD16_eabi.lib : pre_init.c.obj (.text:_system_pre_init)
                  00000718    00000004                                   : exit.c.obj (.text:abort:abort)
                  0000071c    00000002     startup_msp432p401r_ccs.obj (.text:Default_Handler)

.const     0    00000720    00000056     
                  00000720    00000024     adc_timerA_uart.obj (.const:uartConfig)
                  00000744    00000018     adc_timerA_uart.obj (.const:upModeConfig)
                  0000075c    00000010     adc_timerA_uart.obj (.const:compareConfig)
                  0000076c    0000000a     adc_timerA_uart.obj (.const:.string:$P$T0$1)

.cinit     0    00000778    00000030     
                  00000778    0000000c     (__TI_handler_table)
                  00000784    00000004     --HOLE-- [fill = 0]
                  00000788    00000008     (.cinit..bss.load) [load image, compression = zero_init]
                  00000790    00000007     (.cinit..data.load) [load image, compression = lzss]
                  00000797    00000001     --HOLE-- [fill = 0]
                  00000798    00000010     (__TI_cinit_table)

.init_array 
*          0    00000000    00000000     UNINITIALIZED

.binit     0    00000000    00000000     

.bss       0    20000000    00000010     UNINITIALIZED
                  20000000    00000010     (.common:resultsBuffer)

.data      0    20000010    00000003     UNINITIALIZED
                  20000010    00000003     adc_timerA_uart.obj (.data)

.stack     0    2000fe00    00000200     UNINITIALIZED
                  2000fe00    00000004     rtsv7M4_T_le_v4SPD16_eabi.lib : boot_cortex_m.c.obj (.stack)
                  2000fe04    000001fc     --HOLE--

MODULE SUMMARY

       Module                        code   ro data   rw data
       ------                        ----   -------   -------
    .\
       adc_timerA_uart.obj           884    86        38     
       system_msp432p401r.obj        120    0         0      
    +--+-----------------------------+------+---------+---------+
       Total:                        1004   86        38     
                                                             
    .\ccs\
       startup_msp432p401r_ccs.obj   14     228       0      
    +--+-----------------------------+------+---------+---------+
       Total:                        14     228       0      
                                                             
    C:/ti/simplelink_msp432p4_sdk_2_20_00_12/source/ti/devices/msp432p4xx/driverlib/ccs/msp432p4xx_driverlib.lib
       cs.o                          100    0         0      
       uart.o                        52     0         0      
    +--+-----------------------------+------+---------+---------+
       Total:                        152    0         0      
                                                             
    C:\ti\ccsv8\tools\compiler\ti-cgt-arm_18.1.2.LTS\lib\rtsv7M4_T_le_v4SPD16_eabi.lib
       memcpy_t2.asm.obj             156    0         0      
       copy_decompress_lzss.c.obj    104    0         0      
       autoinit.c.obj                68     0         0      
       boot_cortex_m.c.obj           56     0         0      
       copy_zero_init.c.obj          18     0         0      
       copy_decompress_none.c.obj    14     0         0      
       exit.c.obj                    4      0         0      
       pre_init.c.obj                4      0         0      
    +--+-----------------------------+------+---------+---------+
       Total:                        424    0         0      
                                                             
       Stack:                        0      0         1024   
       Linker Generated:             0      43        0      
    +--+-----------------------------+------+---------+---------+
       Grand Total:                  1594   357       1062   


LINKER GENERATED COPY TABLES

__TI_cinit_table @ 00000798 records: 2, size/record: 8, table size: 16
	.bss: load addr=00000788, load size=00000008 bytes, run addr=20000000, run size=00000010 bytes, compression=zero_init
	.data: load addr=00000790, load size=00000007 bytes, run addr=20000010, run size=00000003 bytes, compression=lzss


LINKER GENERATED HANDLER TABLE

__TI_handler_table @ 00000778 records: 3, size/record: 4, table size: 12
	index: 0, handler: __TI_decompress_lzss
	index: 1, handler: __TI_decompress_none
	index: 2, handler: __TI_zero_init


GLOBAL SYMBOLS: SORTED ALPHABETICALLY BY Name 

address   name                              
-------   ----                              
00000401  ADC14_IRQHandler                  
00000401  ADC14_IRQHandler                  
0000071d  AES256_IRQHandler                 
0000071d  BusFault_Handler                  
00000719  C$$EXIT                           
0000071d  COMP_E0_IRQHandler                
0000071d  COMP_E1_IRQHandler                
0000071d  CS_IRQHandler                     
00000651  CS_setDCOCenteredFrequency        
000006b9  CS_setReferenceOscillatorFrequency
0000071d  DMA_ERR_IRQHandler                
0000071d  DMA_INT0_IRQHandler               
0000071d  DMA_INT1_IRQHandler               
0000071d  DMA_INT2_IRQHandler               
0000071d  DMA_INT3_IRQHandler               
0000071d  DebugMon_Handler                  
0000071d  Default_Handler                   
000005a1  EUSCIA0_IRQHandler                
000005a1  EUSCIA0_IRQHandler                
0000071d  EUSCIA1_IRQHandler                
0000071d  EUSCIA2_IRQHandler                
0000071d  EUSCIA3_IRQHandler                
0000071d  EUSCIB0_IRQHandler                
0000071d  EUSCIB1_IRQHandler                
0000071d  EUSCIB2_IRQHandler                
0000071d  EUSCIB3_IRQHandler                
0000071d  FLCTL_IRQHandler                  
0000071d  FPU_IRQHandler                    
0000071d  HardFault_Handler                 
0000071d  MemManage_Handler                 
0000071d  NMI_Handler                       
0000071d  PCM_IRQHandler                    
000005dd  PORT1_IRQHandler                  
000005dd  PORT1_IRQHandler                  
0000071d  PORT2_IRQHandler                  
0000071d  PORT3_IRQHandler                  
0000071d  PORT4_IRQHandler                  
0000071d  PORT5_IRQHandler                  
0000071d  PORT6_IRQHandler                  
0000071d  PSS_IRQHandler                    
0000071d  PendSV_Handler                    
0000071d  RTC_C_IRQHandler                  
00000709  Reset_Handler                     
0000071d  SVC_Handler                       
0000071d  SysTick_Handler                   
0000047d  SystemInit                        
0000071d  T32_INT1_IRQHandler               
0000071d  T32_INT2_IRQHandler               
0000071d  T32_INTC_IRQHandler               
0000071d  TA0_0_IRQHandler                  
0000071d  TA0_N_IRQHandler                  
0000071d  TA1_0_IRQHandler                  
0000071d  TA1_N_IRQHandler                  
0000071d  TA2_0_IRQHandler                  
0000071d  TA2_N_IRQHandler                  
0000071d  TA3_0_IRQHandler                  
0000071d  TA3_N_IRQHandler                  
00000685  UART_transmitData                 
0000071d  UsageFault_Handler                
4000480c  WDTCTL_SYM                        
0000071d  WDT_A_IRQHandler                  
20010000  __STACK_END                       
00000200  __STACK_SIZE                      
00000798  __TI_CINIT_Base                   
000007a8  __TI_CINIT_Limit                  
00000778  __TI_Handler_Table_Base           
00000784  __TI_Handler_Table_Limit          
0000055d  __TI_auto_init_nobinit_nopinit    
000004f5  __TI_decompress_lzss              
000006fb  __TI_decompress_none              
ffffffff  __TI_pprof_out_hndl               
ffffffff  __TI_prof_data_size               
ffffffff  __TI_prof_data_start              
00000000  __TI_static_base__                
000006e9  __TI_zero_init_nomemset           
00000365  __aeabi_memcpy                    
00000365  __aeabi_memcpy4                   
00000365  __aeabi_memcpy8                   
ffffffff  __binit__                         
ffffffff  __c_args__                        
UNDEFED   __mpu_init                        
2000fe00  __stack                           
00000619  _c_int00_noargs                   
UNDEFED   _system_post_cinit                
00000715  _system_pre_init                  
00000719  abort                             
ffffffff  binit                             
20000011  button_debounce                   
0000075c  compareConfig                     
00000000  interruptVectors                  
000000e5  main                              
00000365  memcpy                            
20000010  resPos                            
20000000  resultsBuffer                     
000002a5  sendReading                       
20000012  sendValues                        
00000720  uartConfig                        
00000744  upModeConfig                      


GLOBAL SYMBOLS: SORTED BY Symbol Address 

address   name                              
-------   ----                              
00000000  __TI_static_base__                
00000000  interruptVectors                  
000000e5  main                              
00000200  __STACK_SIZE                      
000002a5  sendReading                       
00000365  __aeabi_memcpy                    
00000365  __aeabi_memcpy4                   
00000365  __aeabi_memcpy8                   
00000365  memcpy                            
00000401  ADC14_IRQHandler                  
00000401  ADC14_IRQHandler                  
0000047d  SystemInit                        
000004f5  __TI_decompress_lzss              
0000055d  __TI_auto_init_nobinit_nopinit    
000005a1  EUSCIA0_IRQHandler                
000005a1  EUSCIA0_IRQHandler                
000005dd  PORT1_IRQHandler                  
000005dd  PORT1_IRQHandler                  
00000619  _c_int00_noargs                   
00000651  CS_setDCOCenteredFrequency        
00000685  UART_transmitData                 
000006b9  CS_setReferenceOscillatorFrequency
000006e9  __TI_zero_init_nomemset           
000006fb  __TI_decompress_none              
00000709  Reset_Handler                     
00000715  _system_pre_init                  
00000719  C$$EXIT                           
00000719  abort                             
0000071d  AES256_IRQHandler                 
0000071d  BusFault_Handler                  
0000071d  COMP_E0_IRQHandler                
0000071d  COMP_E1_IRQHandler                
0000071d  CS_IRQHandler                     
0000071d  DMA_ERR_IRQHandler                
0000071d  DMA_INT0_IRQHandler               
0000071d  DMA_INT1_IRQHandler               
0000071d  DMA_INT2_IRQHandler               
0000071d  DMA_INT3_IRQHandler               
0000071d  DebugMon_Handler                  
0000071d  Default_Handler                   
0000071d  EUSCIA1_IRQHandler                
0000071d  EUSCIA2_IRQHandler                
0000071d  EUSCIA3_IRQHandler                
0000071d  EUSCIB0_IRQHandler                
0000071d  EUSCIB1_IRQHandler                
0000071d  EUSCIB2_IRQHandler                
0000071d  EUSCIB3_IRQHandler                
0000071d  FLCTL_IRQHandler                  
0000071d  FPU_IRQHandler                    
0000071d  HardFault_Handler                 
0000071d  MemManage_Handler                 
0000071d  NMI_Handler                       
0000071d  PCM_IRQHandler                    
0000071d  PORT2_IRQHandler                  
0000071d  PORT3_IRQHandler                  
0000071d  PORT4_IRQHandler                  
0000071d  PORT5_IRQHandler                  
0000071d  PORT6_IRQHandler                  
0000071d  PSS_IRQHandler                    
0000071d  PendSV_Handler                    
0000071d  RTC_C_IRQHandler                  
0000071d  SVC_Handler                       
0000071d  SysTick_Handler                   
0000071d  T32_INT1_IRQHandler               
0000071d  T32_INT2_IRQHandler               
0000071d  T32_INTC_IRQHandler               
0000071d  TA0_0_IRQHandler                  
0000071d  TA0_N_IRQHandler                  
0000071d  TA1_0_IRQHandler                  
0000071d  TA1_N_IRQHandler                  
0000071d  TA2_0_IRQHandler                  
0000071d  TA2_N_IRQHandler                  
0000071d  TA3_0_IRQHandler                  
0000071d  TA3_N_IRQHandler                  
0000071d  UsageFault_Handler                
0000071d  WDT_A_IRQHandler                  
00000720  uartConfig                        
00000744  upModeConfig                      
0000075c  compareConfig                     
00000778  __TI_Handler_Table_Base           
00000784  __TI_Handler_Table_Limit          
00000798  __TI_CINIT_Base                   
000007a8  __TI_CINIT_Limit                  
20000000  resultsBuffer                     
20000010  resPos                            
20000011  button_debounce                   
20000012  sendValues                        
2000fe00  __stack                           
20010000  __STACK_END                       
4000480c  WDTCTL_SYM                        
ffffffff  __TI_pprof_out_hndl               
ffffffff  __TI_prof_data_size               
ffffffff  __TI_prof_data_start              
ffffffff  __binit__                         
ffffffff  __c_args__                        
ffffffff  binit                             
UNDEFED   __mpu_init                        
UNDEFED   _system_post_cinit                

[98 symbols]
